// Jest Snapshot v1, https://goo.gl/fbAQLP

exports[`config - cli return config object 1`] = `
Object {
  "rules": Object {
    "bin-type": "error",
    "bundledDependencies-type": "error",
    "config-type": "error",
    "cpu-type": "error",
    "dependencies-type": "error",
    "description-format": Array [
      "error",
      Object {
        "requireCapitalFirstLetter": true,
        "requireEndingPeriod": true,
      },
    ],
    "description-type": "error",
    "devDependencies-type": "error",
    "directories-type": "error",
    "engines-type": "error",
    "files-type": "error",
    "homepage-type": "error",
    "keywords-type": "error",
    "license-type": "error",
    "main-type": "error",
    "man-type": "error",
    "name-format": "error",
    "name-type": "error",
    "no-absolute-version-dependencies": "off",
    "no-absolute-version-devDependencies": "off",
    "no-archive-dependencies": "error",
    "no-archive-devDependencies": "error",
    "no-caret-version-dependencies": "error",
    "no-caret-version-devDependencies": "error",
    "no-duplicate-properties": "error",
    "no-file-dependencies": "error",
    "no-file-devDependencies": "error",
    "no-git-dependencies": "error",
    "no-git-devDependencies": "error",
    "no-repeated-dependencies": "error",
    "no-restricted-dependencies": "off",
    "no-restricted-devDependencies": "off",
    "no-restricted-pre-release-dependencies": "off",
    "no-restricted-pre-release-devDependencies": "off",
    "no-tilde-version-dependencies": "error",
    "no-tilde-version-devDependencies": "error",
    "optionalDependencies-type": "error",
    "os-type": "error",
    "peerDependencies-type": "error",
    "prefer-absolute-version-dependencies": "error",
    "prefer-absolute-version-devDependencies": "error",
    "prefer-alphabetical-bundledDependencies": "error",
    "prefer-alphabetical-dependencies": "error",
    "prefer-alphabetical-devDependencies": "error",
    "prefer-alphabetical-optionalDependencies": "error",
    "prefer-alphabetical-peerDependencies": "error",
    "prefer-alphabetical-scripts": "error",
    "prefer-caret-version-dependencies": "off",
    "prefer-caret-version-devDependencies": "off",
    "prefer-no-dependencies": "off",
    "prefer-no-devDependencies": "off",
    "prefer-no-engineStrict": "off",
    "prefer-no-optionalDependencies": "off",
    "prefer-no-peerDependencies": "off",
    "prefer-no-version-zero-dependencies": "off",
    "prefer-no-version-zero-devDependencies": "off",
    "prefer-property-order": Array [
      "error",
      Array [
        "name",
        "version",
        "description",
        "license",
        "private",
        "contributors",
        "type",
        "main",
        "types",
        "module",
        "bin",
        "workspaces",
        "scripts",
        "dependencies",
        "devDependencies",
        "peerDependencies",
        "optionalDependencies",
        "homepage",
        "repository",
        "bugs",
        "keywords",
        "publishConfig",
        "engines",
      ],
    ],
    "prefer-scripts": "off",
    "prefer-tilde-version-dependencies": "off",
    "prefer-tilde-version-devDependencies": "off",
    "preferGlobal-type": "error",
    "private-type": "error",
    "repository-type": "error",
    "require-author": "off",
    "require-bin": "error",
    "require-bugs": "off",
    "require-bundledDependencies": "off",
    "require-config": "off",
    "require-contributors": "error",
    "require-cpu": "off",
    "require-dependencies": "error",
    "require-description": "error",
    "require-devDependencies": "error",
    "require-directories": "off",
    "require-engines": "error",
    "require-files": "off",
    "require-funding": "off",
    "require-homepage": "off",
    "require-keywords": "error",
    "require-license": "error",
    "require-main": "off",
    "require-man": "off",
    "require-module": "off",
    "require-name": "error",
    "require-optionalDependencies": "off",
    "require-os": "off",
    "require-peerDependencies": "off",
    "require-preferGlobal": "off",
    "require-private": "error",
    "require-publishConfig": "error",
    "require-repository": "error",
    "require-repository-directory": "off",
    "require-scripts": "error",
    "require-types": "off",
    "require-typings": "off",
    "require-version": "error",
    "scripts-type": "error",
    "valid-values-author": "off",
    "valid-values-engines": "off",
    "valid-values-license": "off",
    "valid-values-name-scope": "off",
    "valid-values-private": "off",
    "valid-values-publishConfig": "off",
    "version-format": "error",
    "version-type": "error",
  },
}
`;
